2025-10-18 22:14:31 - === EMAIL REQUEST RECEIVED ===
2025-10-18 22:14:31 - Processing email for: hiraiminari37@gmail.com
2025-10-18 22:14:35 - ✅ Email sent successfully to hiraiminari37@gmail.com
2025-10-19 03:02:41 - === EMAIL REQUEST RECEIVED ===
2025-10-19 03:02:41 - Processing email for: marianne.datinguinoo@adamson.edu.ph
2025-10-19 03:02:45 - ✅ Email sent successfully to marianne.datinguinoo@adamson.edu.ph
2025-10-19 03:02:45 - Added marianne.datinguinoo@adamson.edu.ph to notification list
2025-10-19 03:03:42 - === EMAIL REQUEST RECEIVED ===
2025-10-19 03:03:42 - Processing email for: marianne.datinguinoo@adamson.edu.ph
2025-10-19 03:03:46 - ✅ Email sent successfully to marianne.datinguinoo@adamson.edu.ph
2025-10-19 03:25:35 - === EMAIL REQUEST RECEIVED ===
2025-10-19 03:25:35 - Processing email for: hiraiminari37@gmail.com
2025-10-19 03:25:39 - ✅ Email sent successfully to hiraiminari37@gmail.com
2025-10-19 03:30:51 - === EMAIL REQUEST RECEIVED ===
2025-10-19 03:30:51 - Processing email for: msmarvi77@gmail.com
2025-10-19 03:30:54 - ✅ Email sent successfully to msmarvi77@gmail.com
2025-10-19 03:33:20 - === EMAIL REQUEST RECEIVED ===
2025-10-19 03:33:20 - Processing email for: hiraiminari37@gmail.com
2025-10-19 03:33:24 - ✅ Email sent successfully to hiraiminari37@gmail.com
2025-10-19 03:34:37 - === EMAIL REQUEST RECEIVED ===
2025-10-19 03:34:37 - Processing email for: hiraiminari37@gmail.com
2025-10-19 03:34:41 - ✅ Email sent successfully to hiraiminari37@gmail.com
